// Jest Snapshot v1, https://goo.gl/fbAQLP

exports[`HomePage should match the snapshot 1`] = `
<div
  className="layout__LayoutContainer-ccgz52-0 iBptwS"
>
  <div>
    <header>
      <div
        className="menu__MenuContainer-sc-1jeiv2e-0 bQHOlj"
      >
        <div
          className="menu__MenuItem-sc-1jeiv2e-1 iWFitx"
        >
          <a
            href="/"
            onClick={[Function]}
            onMouseEnter={[Function]}
          >
            Home
          </a>
        </div>
        <div
          className="menu__MenuItem-sc-1jeiv2e-1 iWFitx"
        >
          <a
            href="/posts"
            onClick={[Function]}
            onMouseEnter={[Function]}
          >
            Articles
          </a>
        </div>
        <div
          className="menu__MenuItem-sc-1jeiv2e-1 iWFitx"
        >
          <a
            href="/about-me"
            onClick={[Function]}
            onMouseEnter={[Function]}
          >
            AboutMe
          </a>
        </div>
      </div>
    </header>
    <main>
      <div
        className="layout__Main-ccgz52-1 jMDwPR"
      >
        <section>
          <div
            className="homepage__HomeHeader-b3ui7m-0 kDeYFZ"
          >
            <h1
              className="title__Title-sc-155hqgb-0 gUxpZt"
            >
              Last Article
            </h1>
          </div>
        </section>
      </div>
    </main>
  </div>
  <footer>
    <div
      className="footer__FooterContainer-ffqoa0-0 xTinp"
    >
      <div
        className="footer__FooterItem-ffqoa0-1 dFtdBc"
      >
        <a
          href="https://www.linkedin.com/in/wojciech-cendrzak-02188236/"
        >
          <div
            style={
              Object {
                "boxSizing": "border-box",
                "display": "inline-block",
                "margin": 0,
                "maxWidth": "100%",
                "overflow": "hidden",
                "position": "relative",
              }
            }
          >
            <div
              style={
                Object {
                  "boxSizing": "border-box",
                  "display": "block",
                  "maxWidth": "100%",
                }
              }
            >
              <img
                alt=""
                aria-hidden={true}
                role="presentation"
                src="data:image/svg+xml;base64,PHN2ZyB3aWR0aD0iNDgiIGhlaWdodD0iNDgiIHhtbG5zPSJodHRwOi8vd3d3LnczLm9yZy8yMDAwL3N2ZyIgdmVyc2lvbj0iMS4xIi8+"
                style={
                  Object {
                    "border": "none",
                    "display": "block",
                    "margin": 0,
                    "maxWidth": "100%",
                    "padding": 0,
                  }
                }
              />
            </div>
            <img
              alt="LinkedIn"
              color="#FFF"
              decoding="async"
              src="/_next/image?url=%2Ficons%2Fin.svg&w=96&q=75"
              srcSet="/_next/image?url=%2Ficons%2Fin.svg&w=48&q=75 1x, /_next/image?url=%2Ficons%2Fin.svg&w=96&q=75 2x"
              style={
                Object {
                  "border": "none",
                  "bottom": 0,
                  "boxSizing": "border-box",
                  "display": "block",
                  "height": 0,
                  "left": 0,
                  "margin": "auto",
                  "maxHeight": "100%",
                  "maxWidth": "100%",
                  "minHeight": "100%",
                  "minWidth": "100%",
                  "objectFit": undefined,
                  "objectPosition": undefined,
                  "padding": 0,
                  "position": "absolute",
                  "right": 0,
                  "top": 0,
                  "width": 0,
                }
              }
            />
          </div>
        </a>
      </div>
      <div
        className="footer__FooterItem-ffqoa0-1 dFtdBc"
      >
        <a
          href="https://github.com/WojciechCendrzak"
        >
          <div
            style={
              Object {
                "boxSizing": "border-box",
                "display": "inline-block",
                "margin": 0,
                "maxWidth": "100%",
                "overflow": "hidden",
                "position": "relative",
              }
            }
          >
            <div
              style={
                Object {
                  "boxSizing": "border-box",
                  "display": "block",
                  "maxWidth": "100%",
                }
              }
            >
              <img
                alt=""
                aria-hidden={true}
                role="presentation"
                src="data:image/svg+xml;base64,PHN2ZyB3aWR0aD0iNDgiIGhlaWdodD0iNDgiIHhtbG5zPSJodHRwOi8vd3d3LnczLm9yZy8yMDAwL3N2ZyIgdmVyc2lvbj0iMS4xIi8+"
                style={
                  Object {
                    "border": "none",
                    "display": "block",
                    "margin": 0,
                    "maxWidth": "100%",
                    "padding": 0,
                  }
                }
              />
            </div>
            <img
              alt="Github"
              color="#FFF"
              decoding="async"
              src="/_next/image?url=%2Ficons%2Fgit.svg&w=96&q=75"
              srcSet="/_next/image?url=%2Ficons%2Fgit.svg&w=48&q=75 1x, /_next/image?url=%2Ficons%2Fgit.svg&w=96&q=75 2x"
              style={
                Object {
                  "border": "none",
                  "bottom": 0,
                  "boxSizing": "border-box",
                  "display": "block",
                  "height": 0,
                  "left": 0,
                  "margin": "auto",
                  "maxHeight": "100%",
                  "maxWidth": "100%",
                  "minHeight": "100%",
                  "minWidth": "100%",
                  "objectFit": undefined,
                  "objectPosition": undefined,
                  "padding": 0,
                  "position": "absolute",
                  "right": 0,
                  "top": 0,
                  "width": 0,
                }
              }
            />
          </div>
        </a>
      </div>
    </div>
  </footer>
</div>
`;
